
===========================================================================
report_checks -path_delay max (Setup)
============================================================================
Startpoint: _117_ (rising edge-triggered flip-flop clocked by wb_clk_i)
Endpoint: io_out[1] (output port clocked by wb_clk_i)
Path Group: wb_clk_i
Path Type: max

Fanout     Cap    Slew   Delay    Time   Description
-----------------------------------------------------------------------------
                          0.00    0.00   clock wb_clk_i (rise edge)
                          0.00    0.00   clock source latency
                  0.13    0.06    0.06 ^ wb_clk_i (in)
     1    0.02                           wb_clk_i (net)
                  0.13    0.00    0.06 ^ clkbuf_0_wb_clk_i/I (gf180mcu_fd_sc_mcu7t5v0__clkbuf_16)
                  0.11    0.26    0.32 ^ clkbuf_0_wb_clk_i/Z (gf180mcu_fd_sc_mcu7t5v0__clkbuf_16)
     2    0.05                           clknet_0_wb_clk_i (net)
                  0.11    0.00    0.32 ^ clkbuf_1_1__f_wb_clk_i/I (gf180mcu_fd_sc_mcu7t5v0__clkbuf_16)
                  0.10    0.25    0.57 ^ clkbuf_1_1__f_wb_clk_i/Z (gf180mcu_fd_sc_mcu7t5v0__clkbuf_16)
     9    0.03                           clknet_1_1__leaf_wb_clk_i (net)
                  0.10    0.00    0.57 ^ _117_/CLK (gf180mcu_fd_sc_mcu7t5v0__dffq_1)
                  0.41    0.93    1.50 ^ _117_/Q (gf180mcu_fd_sc_mcu7t5v0__dffq_1)
     2    0.02                           net13 (net)
                  0.41    0.01    1.51 ^ fanout25/I (gf180mcu_fd_sc_mcu7t5v0__buf_1)
                  0.52    0.50    2.01 ^ fanout25/Z (gf180mcu_fd_sc_mcu7t5v0__buf_1)
     4    0.03                           net25 (net)
                  0.52    0.00    2.01 ^ output13/I (gf180mcu_fd_sc_mcu7t5v0__clkbuf_3)
                  0.34    0.51    2.52 ^ output13/Z (gf180mcu_fd_sc_mcu7t5v0__clkbuf_3)
     1    0.07                           io_out[1] (net)
                  0.34    0.00    2.52 ^ io_out[1] (out)
                                  2.52   data arrival time

                         65.00   65.00   clock wb_clk_i (rise edge)
                          0.00   65.00   clock network delay (propagated)
                         -0.25   64.75   clock uncertainty
                          0.00   64.75   clock reconvergence pessimism
                        -13.00   51.75   output external delay
                                 51.75   data required time
-----------------------------------------------------------------------------
                                 51.75   data required time
                                 -2.52   data arrival time
-----------------------------------------------------------------------------
                                 49.23   slack (MET)


Startpoint: _121_ (rising edge-triggered flip-flop clocked by wb_clk_i)
Endpoint: io_out[5] (output port clocked by wb_clk_i)
Path Group: wb_clk_i
Path Type: max

Fanout     Cap    Slew   Delay    Time   Description
-----------------------------------------------------------------------------
                          0.00    0.00   clock wb_clk_i (rise edge)
                          0.00    0.00   clock source latency
                  0.13    0.06    0.06 ^ wb_clk_i (in)
     1    0.02                           wb_clk_i (net)
                  0.13    0.00    0.06 ^ clkbuf_0_wb_clk_i/I (gf180mcu_fd_sc_mcu7t5v0__clkbuf_16)
                  0.11    0.26    0.32 ^ clkbuf_0_wb_clk_i/Z (gf180mcu_fd_sc_mcu7t5v0__clkbuf_16)
     2    0.05                           clknet_0_wb_clk_i (net)
                  0.11    0.00    0.32 ^ clkbuf_1_1__f_wb_clk_i/I (gf180mcu_fd_sc_mcu7t5v0__clkbuf_16)
                  0.10    0.25    0.57 ^ clkbuf_1_1__f_wb_clk_i/Z (gf180mcu_fd_sc_mcu7t5v0__clkbuf_16)
     9    0.03                           clknet_1_1__leaf_wb_clk_i (net)
                  0.10    0.00    0.57 ^ _121_/CLK (gf180mcu_fd_sc_mcu7t5v0__dffq_1)
                  0.40    0.93    1.50 ^ _121_/Q (gf180mcu_fd_sc_mcu7t5v0__dffq_1)
     2    0.02                           net17 (net)
                  0.40    0.01    1.50 ^ fanout24/I (gf180mcu_fd_sc_mcu7t5v0__buf_1)
                  0.50    0.49    1.99 ^ fanout24/Z (gf180mcu_fd_sc_mcu7t5v0__buf_1)
     4    0.03                           net24 (net)
                  0.50    0.00    1.99 ^ output17/I (gf180mcu_fd_sc_mcu7t5v0__clkbuf_3)
                  0.34    0.51    2.50 ^ output17/Z (gf180mcu_fd_sc_mcu7t5v0__clkbuf_3)
     1    0.07                           io_out[5] (net)
                  0.34    0.00    2.50 ^ io_out[5] (out)
                                  2.50   data arrival time

                         65.00   65.00   clock wb_clk_i (rise edge)
                          0.00   65.00   clock network delay (propagated)
                         -0.25   64.75   clock uncertainty
                          0.00   64.75   clock reconvergence pessimism
                        -13.00   51.75   output external delay
                                 51.75   data required time
-----------------------------------------------------------------------------
                                 51.75   data required time
                                 -2.50   data arrival time
-----------------------------------------------------------------------------
                                 49.25   slack (MET)


Startpoint: _114_ (rising edge-triggered flip-flop clocked by wb_clk_i)
Endpoint: io_out[18] (output port clocked by wb_clk_i)
Path Group: wb_clk_i
Path Type: max

Fanout     Cap    Slew   Delay    Time   Description
-----------------------------------------------------------------------------
                          0.00    0.00   clock wb_clk_i (rise edge)
                          0.00    0.00   clock source latency
                  0.13    0.06    0.06 ^ wb_clk_i (in)
     1    0.02                           wb_clk_i (net)
                  0.13    0.00    0.06 ^ clkbuf_0_wb_clk_i/I (gf180mcu_fd_sc_mcu7t5v0__clkbuf_16)
                  0.11    0.26    0.32 ^ clkbuf_0_wb_clk_i/Z (gf180mcu_fd_sc_mcu7t5v0__clkbuf_16)
     2    0.05                           clknet_0_wb_clk_i (net)
                  0.11    0.00    0.32 ^ clkbuf_1_0__f_wb_clk_i/I (gf180mcu_fd_sc_mcu7t5v0__clkbuf_16)
                  0.10    0.25    0.57 ^ clkbuf_1_0__f_wb_clk_i/Z (gf180mcu_fd_sc_mcu7t5v0__clkbuf_16)
    11    0.04                           clknet_1_0__leaf_wb_clk_i (net)
                  0.10    0.00    0.57 ^ _114_/CLK (gf180mcu_fd_sc_mcu7t5v0__dffq_1)
                  0.58    1.04    1.61 ^ _114_/Q (gf180mcu_fd_sc_mcu7t5v0__dffq_1)
     3    0.03                           net11 (net)
                  0.58    0.01    1.62 ^ output11/I (gf180mcu_fd_sc_mcu7t5v0__clkbuf_3)
                  0.34    0.52    2.15 ^ output11/Z (gf180mcu_fd_sc_mcu7t5v0__clkbuf_3)
     1    0.07                           io_out[18] (net)
                  0.34    0.00    2.15 ^ io_out[18] (out)
                                  2.15   data arrival time

                         65.00   65.00   clock wb_clk_i (rise edge)
                          0.00   65.00   clock network delay (propagated)
                         -0.25   64.75   clock uncertainty
                          0.00   64.75   clock reconvergence pessimism
                        -13.00   51.75   output external delay
                                 51.75   data required time
-----------------------------------------------------------------------------
                                 51.75   data required time
                                 -2.15   data arrival time
-----------------------------------------------------------------------------
                                 49.60   slack (MET)


Startpoint: _116_ (rising edge-triggered flip-flop clocked by wb_clk_i)
Endpoint: io_out[0] (output port clocked by wb_clk_i)
Path Group: wb_clk_i
Path Type: max

Fanout     Cap    Slew   Delay    Time   Description
-----------------------------------------------------------------------------
                          0.00    0.00   clock wb_clk_i (rise edge)
                          0.00    0.00   clock source latency
                  0.13    0.06    0.06 ^ wb_clk_i (in)
     1    0.02                           wb_clk_i (net)
                  0.13    0.00    0.06 ^ clkbuf_0_wb_clk_i/I (gf180mcu_fd_sc_mcu7t5v0__clkbuf_16)
                  0.11    0.26    0.32 ^ clkbuf_0_wb_clk_i/Z (gf180mcu_fd_sc_mcu7t5v0__clkbuf_16)
     2    0.05                           clknet_0_wb_clk_i (net)
                  0.11    0.00    0.32 ^ clkbuf_1_0__f_wb_clk_i/I (gf180mcu_fd_sc_mcu7t5v0__clkbuf_16)
                  0.10    0.25    0.57 ^ clkbuf_1_0__f_wb_clk_i/Z (gf180mcu_fd_sc_mcu7t5v0__clkbuf_16)
    11    0.04                           clknet_1_0__leaf_wb_clk_i (net)
                  0.10    0.00    0.57 ^ _116_/CLK (gf180mcu_fd_sc_mcu7t5v0__dffq_1)
                  0.57    1.03    1.60 ^ _116_/Q (gf180mcu_fd_sc_mcu7t5v0__dffq_1)
     3    0.03                           net2 (net)
                  0.57    0.01    1.61 ^ output2/I (gf180mcu_fd_sc_mcu7t5v0__clkbuf_3)
                  0.34    0.52    2.13 ^ output2/Z (gf180mcu_fd_sc_mcu7t5v0__clkbuf_3)
     1    0.07                           io_out[0] (net)
                  0.34    0.00    2.13 ^ io_out[0] (out)
                                  2.13   data arrival time

                         65.00   65.00   clock wb_clk_i (rise edge)
                          0.00   65.00   clock network delay (propagated)
                         -0.25   64.75   clock uncertainty
                          0.00   64.75   clock reconvergence pessimism
                        -13.00   51.75   output external delay
                                 51.75   data required time
-----------------------------------------------------------------------------
                                 51.75   data required time
                                 -2.13   data arrival time
-----------------------------------------------------------------------------
                                 49.62   slack (MET)


Startpoint: _115_ (rising edge-triggered flip-flop clocked by wb_clk_i)
Endpoint: io_out[19] (output port clocked by wb_clk_i)
Path Group: wb_clk_i
Path Type: max

Fanout     Cap    Slew   Delay    Time   Description
-----------------------------------------------------------------------------
                          0.00    0.00   clock wb_clk_i (rise edge)
                          0.00    0.00   clock source latency
                  0.13    0.06    0.06 ^ wb_clk_i (in)
     1    0.02                           wb_clk_i (net)
                  0.13    0.00    0.06 ^ clkbuf_0_wb_clk_i/I (gf180mcu_fd_sc_mcu7t5v0__clkbuf_16)
                  0.11    0.26    0.32 ^ clkbuf_0_wb_clk_i/Z (gf180mcu_fd_sc_mcu7t5v0__clkbuf_16)
     2    0.05                           clknet_0_wb_clk_i (net)
                  0.11    0.00    0.32 ^ clkbuf_1_1__f_wb_clk_i/I (gf180mcu_fd_sc_mcu7t5v0__clkbuf_16)
                  0.10    0.25    0.57 ^ clkbuf_1_1__f_wb_clk_i/Z (gf180mcu_fd_sc_mcu7t5v0__clkbuf_16)
     9    0.03                           clknet_1_1__leaf_wb_clk_i (net)
                  0.10    0.00    0.57 ^ _115_/CLK (gf180mcu_fd_sc_mcu7t5v0__dffq_1)
                  0.57    1.03    1.60 ^ _115_/Q (gf180mcu_fd_sc_mcu7t5v0__dffq_1)
     2    0.03                           net12 (net)
                  0.58    0.01    1.61 ^ output12/I (gf180mcu_fd_sc_mcu7t5v0__clkbuf_3)
                  0.34    0.52    2.13 ^ output12/Z (gf180mcu_fd_sc_mcu7t5v0__clkbuf_3)
     1    0.07                           io_out[19] (net)
                  0.34    0.00    2.13 ^ io_out[19] (out)
                                  2.13   data arrival time

                         65.00   65.00   clock wb_clk_i (rise edge)
                          0.00   65.00   clock network delay (propagated)
                         -0.25   64.75   clock uncertainty
                          0.00   64.75   clock reconvergence pessimism
                        -13.00   51.75   output external delay
                                 51.75   data required time
-----------------------------------------------------------------------------
                                 51.75   data required time
                                 -2.13   data arrival time
-----------------------------------------------------------------------------
                                 49.62   slack (MET)


