
===========================================================================
 report_check_types -max_slew -max_cap -max_fanout -violators
============================================================================
max slew

Pin                                    Limit    Slew   Slack
------------------------------------------------------------
ANTENNA__119__D/I                       4.00   10.13   -6.13 (VIOLATED)
_119_/D                                 4.00   10.13   -6.13 (VIOLATED)
_081_/ZN                                4.00   10.13   -6.13 (VIOLATED)
ANTENNA__122__D/I                       4.00    7.77   -3.77 (VIOLATED)
_122_/D                                 4.00    7.77   -3.77 (VIOLATED)
_089_/ZN                                4.00    7.76   -3.76 (VIOLATED)
ANTENNA__116__D/I                       4.00    7.73   -3.73 (VIOLATED)
_116_/D                                 4.00    7.73   -3.73 (VIOLATED)
_073_/ZN                                4.00    7.73   -3.73 (VIOLATED)
ANTENNA__123__D/I                       4.00    7.32   -3.32 (VIOLATED)
_123_/D                                 4.00    7.32   -3.32 (VIOLATED)
_091_/ZN                                4.00    7.31   -3.31 (VIOLATED)
ANTENNA__126__D/I                       4.00    7.20   -3.20 (VIOLATED)
_126_/D                                 4.00    7.20   -3.20 (VIOLATED)
_124_/D                                 4.00    7.20   -3.20 (VIOLATED)
ANTENNA__124__D/I                       4.00    7.20   -3.20 (VIOLATED)
_099_/ZN                                4.00    7.20   -3.20 (VIOLATED)
_093_/ZN                                4.00    7.20   -3.20 (VIOLATED)
ANTENNA__115__D/I                       4.00    6.98   -2.98 (VIOLATED)
_115_/D                                 4.00    6.98   -2.98 (VIOLATED)
_071_/ZN                                4.00    6.98   -2.98 (VIOLATED)
output2/I                               4.00    6.34   -2.34 (VIOLATED)
ANTENNA_output2_I/I                     4.00    6.34   -2.34 (VIOLATED)
ANTENNA__072__I/I                       4.00    6.34   -2.34 (VIOLATED)
_072_/I                                 4.00    6.34   -2.34 (VIOLATED)
ANTENNA__077__A1/I                      4.00    6.34   -2.34 (VIOLATED)
_077_/A1                                4.00    6.34   -2.34 (VIOLATED)
_116_/Q                                 4.00    6.32   -2.32 (VIOLATED)
output16/I                              4.00    6.07   -2.07 (VIOLATED)
ANTENNA_output16_I/I                    4.00    6.07   -2.07 (VIOLATED)
_082_/I                                 4.00    6.07   -2.07 (VIOLATED)
ANTENNA__082__I/I                       4.00    6.07   -2.07 (VIOLATED)
_087_/A1                                4.00    6.07   -2.07 (VIOLATED)
ANTENNA__087__A1/I                      4.00    6.07   -2.07 (VIOLATED)
_120_/Q                                 4.00    6.05   -2.05 (VIOLATED)
ANTENNA__127__D/I                       4.00    5.85   -1.85 (VIOLATED)
_127_/D                                 4.00    5.85   -1.85 (VIOLATED)
_101_/ZN                                4.00    5.84   -1.84 (VIOLATED)
_087_/A2                                4.00    5.74   -1.74 (VIOLATED)
ANTENNA__087__A2/I                      4.00    5.74   -1.74 (VIOLATED)
ANTENNA_fanout24_I/I                    4.00    5.74   -1.74 (VIOLATED)
fanout24/I                              4.00    5.74   -1.74 (VIOLATED)
_121_/Q                                 4.00    5.73   -1.73 (VIOLATED)
ANTENNA__120__D/I                       4.00    5.46   -1.46 (VIOLATED)
_120_/D                                 4.00    5.46   -1.46 (VIOLATED)
_083_/ZN                                4.00    5.46   -1.46 (VIOLATED)
ANTENNA__128__D/I                       4.00    5.39   -1.39 (VIOLATED)
_128_/D                                 4.00    5.39   -1.39 (VIOLATED)
_103_/ZN                                4.00    5.39   -1.39 (VIOLATED)
ANTENNA__112__D/I                       4.00    5.29   -1.29 (VIOLATED)
_112_/D                                 4.00    5.29   -1.29 (VIOLATED)
_060_/ZN                                4.00    5.29   -1.29 (VIOLATED)
_114_/D                                 4.00    5.16   -1.16 (VIOLATED)
ANTENNA__114__D/I                       4.00    5.16   -1.16 (VIOLATED)
_068_/ZN                                4.00    5.15   -1.15 (VIOLATED)
output14/I                              4.00    5.02   -1.02 (VIOLATED)
ANTENNA_output14_I/I                    4.00    5.02   -1.02 (VIOLATED)
_076_/B                                 4.00    5.02   -1.02 (VIOLATED)
_077_/A3                                4.00    5.02   -1.02 (VIOLATED)
ANTENNA__077__A3/I                      4.00    5.02   -1.02 (VIOLATED)
ANTENNA__076__B/I                       4.00    5.02   -1.02 (VIOLATED)
ANTENNA__121__D/I                       4.00    5.02   -1.02 (VIOLATED)
_121_/D                                 4.00    5.02   -1.02 (VIOLATED)
_118_/Q                                 4.00    5.01   -1.01 (VIOLATED)
_085_/ZN                                4.00    5.01   -1.01 (VIOLATED)
output11/I                              4.00    4.90   -0.90 (VIOLATED)
ANTENNA_output11_I/I                    4.00    4.90   -0.90 (VIOLATED)
_064_/B                                 4.00    4.90   -0.90 (VIOLATED)
ANTENNA__064__B/I                       4.00    4.90   -0.90 (VIOLATED)
ANTENNA__066__A3/I                      4.00    4.90   -0.90 (VIOLATED)
_066_/A3                                4.00    4.90   -0.90 (VIOLATED)
_114_/Q                                 4.00    4.88   -0.88 (VIOLATED)
ANTENNA__118__D/I                       4.00    4.75   -0.75 (VIOLATED)
_118_/D                                 4.00    4.75   -0.75 (VIOLATED)
_079_/ZN                                4.00    4.74   -0.74 (VIOLATED)
output19/I                              4.00    4.69   -0.69 (VIOLATED)
ANTENNA_output19_I/I                    4.00    4.69   -0.69 (VIOLATED)
_090_/A1                                4.00    4.69   -0.69 (VIOLATED)
ANTENNA__090__A1/I                      4.00    4.69   -0.69 (VIOLATED)
_123_/Q                                 4.00    4.68   -0.68 (VIOLATED)
output7/I                               4.00    4.65   -0.65 (VIOLATED)
ANTENNA_output7_I/I                     4.00    4.65   -0.65 (VIOLATED)
_106_/B                                 4.00    4.65   -0.65 (VIOLATED)
ANTENNA__106__B/I                       4.00    4.65   -0.65 (VIOLATED)
_107_/A3                                4.00    4.65   -0.65 (VIOLATED)
ANTENNA__107__A3/I                      4.00    4.65   -0.65 (VIOLATED)
_130_/Q                                 4.00    4.64   -0.64 (VIOLATED)
output20/I                              4.00    4.62   -0.62 (VIOLATED)
ANTENNA_output20_I/I                    4.00    4.62   -0.62 (VIOLATED)
ANTENNA__092__I/I                       4.00    4.62   -0.62 (VIOLATED)
_092_/I                                 4.00    4.62   -0.62 (VIOLATED)
ANTENNA__097__A1/I                      4.00    4.62   -0.62 (VIOLATED)
_097_/A1                                4.00    4.62   -0.62 (VIOLATED)
_124_/Q                                 4.00    4.61   -0.61 (VIOLATED)
_130_/D                                 4.00    4.46   -0.46 (VIOLATED)
ANTENNA__130__D/I                       4.00    4.46   -0.46 (VIOLATED)
_109_/ZN                                4.00    4.46   -0.46 (VIOLATED)
output5/I                               4.00    4.44   -0.44 (VIOLATED)
ANTENNA_output5_I/I                     4.00    4.44   -0.44 (VIOLATED)
_107_/A1                                4.00    4.44   -0.44 (VIOLATED)
ANTENNA__107__A1/I                      4.00    4.44   -0.44 (VIOLATED)
ANTENNA__102__I/I                       4.00    4.44   -0.44 (VIOLATED)
_102_/I                                 4.00    4.44   -0.44 (VIOLATED)
_128_/Q                                 4.00    4.43   -0.43 (VIOLATED)
output3/I                               4.00    4.40   -0.40 (VIOLATED)
ANTENNA_output3_I/I                     4.00    4.40   -0.40 (VIOLATED)
ANTENNA__096__B/I                       4.00    4.40   -0.40 (VIOLATED)
_096_/B                                 4.00    4.40   -0.40 (VIOLATED)
_097_/A3                                4.00    4.40   -0.40 (VIOLATED)
ANTENNA__097__A3/I                      4.00    4.40   -0.40 (VIOLATED)
_126_/Q                                 4.00    4.39   -0.39 (VIOLATED)
_131_/D                                 4.00    4.22   -0.22 (VIOLATED)
ANTENNA__131__D/I                       4.00    4.22   -0.22 (VIOLATED)
_111_/ZN                                4.00    4.22   -0.22 (VIOLATED)

max fanout

Pin                                   Limit Fanout  Slack
---------------------------------------------------------
clkbuf_1_1__f_wb_clk_i/Z                  4     18    -14 (VIOLATED)
clkbuf_1_0__f_wb_clk_i/Z                  4     11     -7 (VIOLATED)
_056_/Z                                   4      8     -4 (VIOLATED)
_057_/Z                                   4      8     -4 (VIOLATED)
_061_/Z                                   4      8     -4 (VIOLATED)
_065_/Z                                   4      8     -4 (VIOLATED)
_072_/Z                                   4      8     -4 (VIOLATED)
_082_/Z                                   4      8     -4 (VIOLATED)
_092_/Z                                   4      8     -4 (VIOLATED)
_102_/Z                                   4      8     -4 (VIOLATED)
fanout22/Z                                4      8     -4 (VIOLATED)
fanout23/Z                                4      8     -4 (VIOLATED)
fanout24/Z                                4      8     -4 (VIOLATED)
fanout25/Z                                4      8     -4 (VIOLATED)
fanout26/Z                                4      8     -4 (VIOLATED)
_112_/Q                                   4      6     -2 (VIOLATED)
_114_/Q                                   4      6     -2 (VIOLATED)
_116_/Q                                   4      6     -2 (VIOLATED)
_118_/Q                                   4      6     -2 (VIOLATED)
_120_/Q                                   4      6     -2 (VIOLATED)
_122_/Q                                   4      6     -2 (VIOLATED)
_124_/Q                                   4      6     -2 (VIOLATED)
_126_/Q                                   4      6     -2 (VIOLATED)
_128_/Q                                   4      6     -2 (VIOLATED)
_130_/Q                                   4      6     -2 (VIOLATED)

max capacitance

Pin                                    Limit     Cap   Slack
------------------------------------------------------------
_081_/ZN                                0.13    0.35   -0.22 (VIOLATED)
_116_/Q                                 0.24    0.40   -0.16 (VIOLATED)
_120_/Q                                 0.24    0.38   -0.14 (VIOLATED)
_089_/ZN                                0.13    0.27   -0.14 (VIOLATED)
_073_/ZN                                0.13    0.26   -0.14 (VIOLATED)
_091_/ZN                                0.13    0.25   -0.12 (VIOLATED)
_093_/ZN                                0.13    0.25   -0.12 (VIOLATED)
_099_/ZN                                0.13    0.25   -0.12 (VIOLATED)
_121_/Q                                 0.24    0.36   -0.12 (VIOLATED)
_071_/ZN                                0.13    0.24   -0.11 (VIOLATED)
_085_/ZN                                0.25    0.33   -0.09 (VIOLATED)
_118_/Q                                 0.24    0.31   -0.07 (VIOLATED)
_101_/ZN                                0.13    0.20   -0.07 (VIOLATED)
_114_/Q                                 0.24    0.31   -0.07 (VIOLATED)
_083_/ZN                                0.13    0.19   -0.06 (VIOLATED)
_103_/ZN                                0.13    0.18   -0.06 (VIOLATED)
_060_/ZN                                0.13    0.18   -0.05 (VIOLATED)
_123_/Q                                 0.24    0.29   -0.05 (VIOLATED)
_130_/Q                                 0.24    0.29   -0.05 (VIOLATED)
_068_/ZN                                0.13    0.17   -0.05 (VIOLATED)
_124_/Q                                 0.24    0.29   -0.05 (VIOLATED)
_128_/Q                                 0.24    0.28   -0.04 (VIOLATED)
_079_/ZN                                0.13    0.16   -0.04 (VIOLATED)
_126_/Q                                 0.24    0.27   -0.03 (VIOLATED)
_109_/ZN                                0.13    0.15   -0.02 (VIOLATED)
_111_/ZN                                0.13    0.14   -0.02 (VIOLATED)


===========================================================================
max slew violation count 114
max fanout violation count 25
max cap violation count 26
============================================================================
