
===========================================================================
 report_check_types -max_slew -max_cap -max_fanout -violators
============================================================================
max slew

Pin                                    Limit    Slew   Slack
------------------------------------------------------------
ANTENNA__106__D/I                       8.60   18.95  -10.35 (VIOLATED)
_106_/D                                 8.60   18.95  -10.35 (VIOLATED)
_076_/ZN                                8.60   18.95  -10.35 (VIOLATED)
_095_/D                                 8.60   10.03   -1.43 (VIOLATED)
ANTENNA__095__D/I                       8.60   10.03   -1.43 (VIOLATED)
_051_/ZN                                8.60   10.03   -1.43 (VIOLATED)
_109_/D                                 8.60   10.00   -1.40 (VIOLATED)
ANTENNA__109__D/I                       8.60   10.00   -1.40 (VIOLATED)
_084_/ZN                                8.60   10.00   -1.40 (VIOLATED)
_094_/D                                 8.60    9.99   -1.39 (VIOLATED)
ANTENNA__094__D/I                       8.60    9.99   -1.39 (VIOLATED)
_048_/ZN                                8.60    9.99   -1.39 (VIOLATED)
_103_/D                                 8.60    9.40   -0.80 (VIOLATED)
ANTENNA__103__D/I                       8.60    9.40   -0.80 (VIOLATED)
_069_/ZN                                8.60    9.40   -0.80 (VIOLATED)

max capacitance

Pin                                    Limit     Cap   Slack
------------------------------------------------------------
_076_/ZN                                0.18    0.43   -0.25 (VIOLATED)
_084_/ZN                                0.18    0.23   -0.04 (VIOLATED)
_048_/ZN                                0.18    0.23   -0.04 (VIOLATED)
_051_/ZN                                0.18    0.22   -0.04 (VIOLATED)
_069_/ZN                                0.18    0.21   -0.03 (VIOLATED)
_082_/ZN                                0.18    0.19   -0.01 (VIOLATED)
_060_/ZN                                0.18    0.19   -0.01 (VIOLATED)
_064_/ZN                                0.18    0.19   -0.01 (VIOLATED)
_075_/ZN                                0.18    0.19   -0.00 (VIOLATED)


===========================================================================
max slew violation count 15
max fanout violation count 0
max cap violation count 9
============================================================================
