
===========================================================================
report_checks -unconstrained
============================================================================
Startpoint: wb_rst_i (input port clocked by user_clock2)
Endpoint: cntr_example_1/wb_rst_i (internal pin)
Path Group: (none)
Path Type: max

Fanout     Cap    Slew   Delay    Time   Description
-----------------------------------------------------------------------------
                         13.00   13.00 ^ input external delay
                  6.14    3.86   16.86 ^ wb_rst_i (in)
     1    0.39                           wb_rst_i (net)
                  6.17    0.00   16.86 ^ cntr_example_1/wb_rst_i (cntr_example)
                                 16.86   data arrival time
-----------------------------------------------------------------------------
(Path is unconstrained)



===========================================================================
report_checks --slack_max -0.01
============================================================================
No paths found.
