
===========================================================================
report_checks -path_delay max (Setup)
============================================================================
Startpoint: _098_ (rising edge-triggered flip-flop clocked by wb_clk_i)
Endpoint: io_out[0] (output port clocked by wb_clk_i)
Path Group: wb_clk_i
Path Type: max

Fanout     Cap    Slew   Delay    Time   Description
-----------------------------------------------------------------------------
                  0.15    0.00    0.00   clock wb_clk_i (rise edge)
                          0.00    0.00   clock network delay (ideal)
                  0.15    0.00    0.00 ^ _098_/CLK (gf180mcu_fd_sc_mcu7t5v0__dffq_1)
                  2.35    2.41    2.41 ^ _098_/Q (gf180mcu_fd_sc_mcu7t5v0__dffq_1)
     6    0.10                           io_out[0] (net)
                  2.35    0.00    2.41 ^ io_out[0] (out)
                                  2.41   data arrival time

                  0.15   65.00   65.00   clock wb_clk_i (rise edge)
                          0.00   65.00   clock network delay (ideal)
                         -0.25   64.75   clock uncertainty
                          0.00   64.75   clock reconvergence pessimism
                        -13.00   51.75   output external delay
                                 51.75   data required time
-----------------------------------------------------------------------------
                                 51.75   data required time
                                 -2.41   data arrival time
-----------------------------------------------------------------------------
                                 49.34   slack (MET)


Startpoint: _110_ (rising edge-triggered flip-flop clocked by wb_clk_i)
Endpoint: io_out[12] (output port clocked by wb_clk_i)
Path Group: wb_clk_i
Path Type: max

Fanout     Cap    Slew   Delay    Time   Description
-----------------------------------------------------------------------------
                  0.15    0.00    0.00   clock wb_clk_i (rise edge)
                          0.00    0.00   clock network delay (ideal)
                  0.15    0.00    0.00 ^ _110_/CLK (gf180mcu_fd_sc_mcu7t5v0__dffq_1)
                  2.35    2.41    2.41 ^ _110_/Q (gf180mcu_fd_sc_mcu7t5v0__dffq_1)
     6    0.10                           io_out[12] (net)
                  2.35    0.00    2.41 ^ io_out[12] (out)
                                  2.41   data arrival time

                  0.15   65.00   65.00   clock wb_clk_i (rise edge)
                          0.00   65.00   clock network delay (ideal)
                         -0.25   64.75   clock uncertainty
                          0.00   64.75   clock reconvergence pessimism
                        -13.00   51.75   output external delay
                                 51.75   data required time
-----------------------------------------------------------------------------
                                 51.75   data required time
                                 -2.41   data arrival time
-----------------------------------------------------------------------------
                                 49.34   slack (MET)


Startpoint: _094_ (rising edge-triggered flip-flop clocked by wb_clk_i)
Endpoint: io_out[16] (output port clocked by wb_clk_i)
Path Group: wb_clk_i
Path Type: max

Fanout     Cap    Slew   Delay    Time   Description
-----------------------------------------------------------------------------
                  0.15    0.00    0.00   clock wb_clk_i (rise edge)
                          0.00    0.00   clock network delay (ideal)
                  0.15    0.00    0.00 ^ _094_/CLK (gf180mcu_fd_sc_mcu7t5v0__dffq_1)
                  2.35    2.41    2.41 ^ _094_/Q (gf180mcu_fd_sc_mcu7t5v0__dffq_1)
     6    0.10                           io_out[16] (net)
                  2.35    0.00    2.41 ^ io_out[16] (out)
                                  2.41   data arrival time

                  0.15   65.00   65.00   clock wb_clk_i (rise edge)
                          0.00   65.00   clock network delay (ideal)
                         -0.25   64.75   clock uncertainty
                          0.00   64.75   clock reconvergence pessimism
                        -13.00   51.75   output external delay
                                 51.75   data required time
-----------------------------------------------------------------------------
                                 51.75   data required time
                                 -2.41   data arrival time
-----------------------------------------------------------------------------
                                 49.34   slack (MET)


Startpoint: _102_ (rising edge-triggered flip-flop clocked by wb_clk_i)
Endpoint: io_out[4] (output port clocked by wb_clk_i)
Path Group: wb_clk_i
Path Type: max

Fanout     Cap    Slew   Delay    Time   Description
-----------------------------------------------------------------------------
                  0.15    0.00    0.00   clock wb_clk_i (rise edge)
                          0.00    0.00   clock network delay (ideal)
                  0.15    0.00    0.00 ^ _102_/CLK (gf180mcu_fd_sc_mcu7t5v0__dffq_1)
                  2.35    2.41    2.41 ^ _102_/Q (gf180mcu_fd_sc_mcu7t5v0__dffq_1)
     6    0.10                           io_out[4] (net)
                  2.35    0.00    2.41 ^ io_out[4] (out)
                                  2.41   data arrival time

                  0.15   65.00   65.00   clock wb_clk_i (rise edge)
                          0.00   65.00   clock network delay (ideal)
                         -0.25   64.75   clock uncertainty
                          0.00   64.75   clock reconvergence pessimism
                        -13.00   51.75   output external delay
                                 51.75   data required time
-----------------------------------------------------------------------------
                                 51.75   data required time
                                 -2.41   data arrival time
-----------------------------------------------------------------------------
                                 49.34   slack (MET)


Startpoint: _106_ (rising edge-triggered flip-flop clocked by wb_clk_i)
Endpoint: io_out[8] (output port clocked by wb_clk_i)
Path Group: wb_clk_i
Path Type: max

Fanout     Cap    Slew   Delay    Time   Description
-----------------------------------------------------------------------------
                  0.15    0.00    0.00   clock wb_clk_i (rise edge)
                          0.00    0.00   clock network delay (ideal)
                  0.15    0.00    0.00 ^ _106_/CLK (gf180mcu_fd_sc_mcu7t5v0__dffq_1)
                  2.35    2.41    2.41 ^ _106_/Q (gf180mcu_fd_sc_mcu7t5v0__dffq_1)
     6    0.10                           io_out[8] (net)
                  2.35    0.00    2.41 ^ io_out[8] (out)
                                  2.41   data arrival time

                  0.15   65.00   65.00   clock wb_clk_i (rise edge)
                          0.00   65.00   clock network delay (ideal)
                         -0.25   64.75   clock uncertainty
                          0.00   64.75   clock reconvergence pessimism
                        -13.00   51.75   output external delay
                                 51.75   data required time
-----------------------------------------------------------------------------
                                 51.75   data required time
                                 -2.41   data arrival time
-----------------------------------------------------------------------------
                                 49.34   slack (MET)


